node.exe : npm warn Unknown project config "node-linker". This will stop working in the next major version of npm. See 
`npm help npmrc` for supported config options.
At line:1 char:1
+ & "C:\Program Files\nodejs/node.exe" "C:\Program Files\nodejs/node_mo ...
+ ~~~~~~~~~~~~~~~~~~~~~~~~~~~~~~~~~~~~~~~~~~~~~~~~~~~~~~~~~~~~~~~~~~~~~
    + CategoryInfo          : NotSpecified: (npm warn Unknow...config options.:String) [], RemoteException
    + FullyQualifiedErrorId : NativeCommandError
 

[1m[30m[46m RUN [49m[39m[22m [36mv4.1.10 [39m[90mD:/quill-mcp[39m

 [32mΓ£ô[39m src/tools/tools-full.test.ts [2m([22m[2m50 tests[22m[2m)[22m[33m 57698[2mms[22m[39m
       [33m[2mΓ£ô[22m[39m should read an existing note [33m 3139[2mms[22m[39m
       [33m[2mΓ£ô[22m[39m should error for non-existing note [33m 2398[2mms[22m[39m
       [33m[2mΓ£ô[22m[39m should return summary with headings [33m 711[2mms[22m[39m
       [33m[2mΓ£ô[22m[39m should truncate to token budget [33m 2398[2mms[22m[39m
       [33m[2mΓ£ô[22m[39m should create a new note [33m 1481[2mms[22m[39m
       [33m[2mΓ£ô[22m[39m should create a new note [33m 770[2mms[22m[39m
       [33m[2mΓ£ô[22m[39m should fail if note already exists [33m 2398[2mms[22m[39m
       [33m[2mΓ£ô[22m[39m should auto-generate frontmatter [33m 1468[2mms[22m[39m
       [33m[2mΓ£ô[22m[39m should preview with dry_run without writing [33m 2396[2mms[22m[39m
       [33m[2mΓ£ô[22m[39m should append content to existing note [33m 1983[2mms[22m[39m
       [33m[2mΓ£ô[22m[39m should error when deleting non-existing note [33m 710[2mms[22m[39m
       [33m[2mΓ£ô[22m[39m should list items in trash [33m 3602[2mms[22m[39m
       [33m[2mΓ£ô[22m[39m should restore note from trash [33m 1465[2mms[22m[39m
       [33m[2mΓ£ô[22m[39m should preview glob deletion with dry_run [33m 709[2mms[22m[39m
       [33m[2mΓ£ô[22m[39m should preview single file deletion with dry_run [33m 1846[2mms[22m[39m
       [33m[2mΓ£ô[22m[39m should move a note [33m 1992[2mms[22m[39m
       [33m[2mΓ£ô[22m[39m should block path traversal on copy [33m 710[2mms[22m[39m
       [33m[2mΓ£ô[22m[39m should sort by name descending [33m 1833[2mms[22m[39m
       [33m[2mΓ£ô[22m[39m should filter by extension [33m 1975[2mms[22m[39m
       [33m[2mΓ£ô[22m[39m should exclude .trash from listing [33m 3575[2mms[22m[39m
       [33m[2mΓ£ô[22m[39m should find text matches [33m 1981[2mms[22m[39m
       [33m[2mΓ£ô[22m[39m should preserve path operator semantics with indexed search [33m 710[2mms[22m[39m
       [33m[2mΓ£ô[22m[39m should extract links from a note [33m 2409[2mms[22m[39m
       [33m[2mΓ£ô[22m[39m should find backlinks to a note [33m 1420[2mms[22m[39m
       [33m[2mΓ£ô[22m[39m should include storage stats [33m 711[2mms[22m[39m
       [33m[2mΓ£ô[22m[39m should include health report with empty notes [33m 2403[2mms[22m[39m
       [33m[2mΓ£ô[22m[39m should report notes without frontmatter [33m 1982[2mms[22m[39m
       [33m[2mΓ£ô[22m[39m should report missing files in batch delete [33m 711[2mms[22m[39m
       [33m[2mΓ£ô[22m[39m should preview batch move with dry_run [33m 1837[2mms[22m[39m
       [33m[2mΓ£ô[22m[39m should report missing source in batch move [33m 2533[2mms[22m[39m
 [32mΓ£ô[39m src/tools/discovery.test.ts [2m([22m[2m11 tests[22m[2m)[22m[33m 24543[2mms[22m[39m
     [33m[2mΓ£ô[22m[39m supports exact filename, title, alias, tag, path, and heading discovery [33m 812[2mms[22m[39m
     [33m[2mΓ£ô[22m[39m supports tag AND/OR, normalization, and duplicate metadata tags [33m 7122[2mms[22m[39m
     [33m[2mΓ£ô[22m[39m lists folders recursively and non-recursively with metadata [33m 6987[2mms[22m[39m
     [33m[2mΓ£ô[22m[39m bounds and paginates deterministic results [33m 953[2mms[22m[39m
     [33m[2mΓ£ô[22m[39m tolerates malformed and missing frontmatter [33m 4738[2mms[22m[39m
     [33m[2mΓ£ô[22m[39m removes renamed, moved, and deleted paths and refreshes changed metadata [33m 2657[2mms[22m[39m
 [31mΓ¥»[39m src/tools/generate-hive-canvas.test.ts [2m([22m[2m11 tests[22m[2m | [22m[31m1 failed[39m[2m)[22m[33m 11268[2mms[22m[39m
     [32mΓ£ô[39m should return zero-result message when no notes exist[32m 25[2mms[22m[39m
     [33m[2mΓ£ô[22m[39m should generate JSON file successfully with minimal notes [33m 2392[2mms[22m[39m
     [33m[2mΓ£ô[22m[39m should reject path traversal in output_path [33m 1756[2mms[22m[39m
     [33m[2mΓ£ô[22m[39m should reject output to protected directory [33m 1747[2mms[22m[39m
[31m     [31m├ù[31m should reject output to vault root[39m[33m 1166[2mms[22m[39m
     [32mΓ£ô[39m should not write outside vault even with valid scan path[32m 219[2mms[22m[39m
     [32mΓ£ô[39m should handle scan path that does not exist[32m 23[2mms[22m[39m
     [32mΓ£ô[39m should generate TSX alongside JSON when template exists[32m 140[2mms[22m[39m
     [32mΓ£ô[39m should handle non-.json output path without TSX collision[32m 102[2mms[22m[39m
     [32mΓ£ô[39m should include knowledge nodes[32m 102[2mms[22m[39m
     [33m[2mΓ£ô[22m[39m should scan generic vault roots by default [33m 3594[2mms[22m[39m
 [32mΓ£ô[39m src/utils/vault.test.ts [2m([22m[2m53 tests[22m[2m)[22m[33m 15362[2mms[22m[39m
       [33m[2mΓ£ô[22m[39m should resolve relative paths against vault root [33m 587[2mms[22m[39m
       [33m[2mΓ£ô[22m[39m should block path traversal attacks [33m 584[2mms[22m[39m
       [33m[2mΓ£ô[22m[39m should block absolute paths outside vault [33m 584[2mms[22m[39m
       [33m[2mΓ£ô[22m[39m should normalize backslashes to forward slashes [33m 584[2mms[22m[39m
       [33m[2mΓ£ô[22m[39m should return true for existing paths [33m 608[2mms[22m[39m
       [33m[2mΓ£ô[22m[39m should detect parent symlink escape via assertParentWithinVault [33m 2311[2mms[22m[39m
       [33m[2mΓ£ô[22m[39m should return correct stats for files [33m 601[2mms[22m[39m
       [33m[2mΓ£ô[22m[39m should return correct stats for directories [33m 1166[2mms[22m[39m
       [33m[2mΓ£ô[22m[39m should resolve existing in-vault file [33m 601[2mms[22m[39m
       [33m[2mΓ£ô[22m[39m should throw for missing file [33m 584[2mms[22m[39m
       [33m[2mΓ£ô[22m[39m should throw for path traversal [33m 584[2mms[22m[39m
       [33m[2mΓ£ô[22m[39m should throw for file outside allowed root [33m 622[2mms[22m[39m
       [33m[2mΓ£ô[22m[39m should return false for regular file [33m 600[2mms[22m[39m
       [33m[2mΓ£ô[22m[39m should return false for missing path [33m 584[2mms[22m[39m
       [33m[2mΓ£ô[22m[39m should return true for symlink [33m 604[2mms[22m[39m
       [33m[2mΓ£ô[22m[39m should accept path within root [33m 600[2mms[22m[39m
       [33m[2mΓ£ô[22m[39m should throw for path outside root [33m 1181[2mms[22m[39m
       [33m[2mΓ£ô[22m[39m should reject write to existing symlink escaping vault [33m 771[2mms[22m[39m
 [32mΓ£ô[39m src/utils/trash.test.ts [2m([22m[2m8 tests[22m[2m)[22m[33m 8361[2mms[22m[39m
       [33m[2mΓ£ô[22m[39m should restore a file from trash to original location [33m 2941[2mms[22m[39m
       [33m[2mΓ£ô[22m[39m should handle collision at restore destination [33m 4778[2mms[22m[39m
 [32mΓ£ô[39m src/utils/search-index.test.ts [2m([22m[2m11 tests[22m[2m)[22m[32m 129[2mms[22m[39m
 [32mΓ£ô[39m src/utils/audit-log.test.ts [2m([22m[2m15 tests[22m[2m)[22m[33m 1517[2mms[22m[39m
       [33m[2mΓ£ô[22m[39m appends multiple entries in order [33m 611[2mms[22m[39m
 [32mΓ£ô[39m src/tools/tools.test.ts [2m([22m[2m4 tests[22m[2m)[22m[33m 7231[2mms[22m[39m
       [33m[2mΓ£ô[22m[39m should block copies outside vault [33m 625[2mms[22m[39m
       [33m[2mΓ£ô[22m[39m should handle multiple files [33m 4645[2mms[22m[39m
       [33m[2mΓ£ô[22m[39m should report missing files [33m 1894[2mms[22m[39m
[90mstderr[2m | Logger.info (D:\quill-mcp\src\utils\logger.ts:33:21)
[22m[39m[2026-09-04T12:21:33.883Z] [INFO] hive canvas auto-regenerated {"nodes":0,"links":0,"warnings":0}

 [32mΓ£ô[39m src/tools/fs-policy.test.ts [2m([22m[2m2 tests[22m[2m)[22m[33m 360[2mms[22m[39m
     [33m[2mΓ£ô[22m[39m should pass when all fs calls are in allowlisted files [33m 358[2mms[22m[39m
 [32mΓ£ô[39m src/utils/conflict-engine.test.ts [2m([22m[2m12 tests[22m[2m)[22m[32m 162[2mms[22m[39m
 [32mΓ£ô[39m src/utils/config.test.ts [2m([22m[2m11 tests[22m[2m)[22m[32m 11[2mms[22m[39m
 [32mΓ£ô[39m src/utils/memory-schema.test.ts [2m([22m[2m26 tests[22m[2m)[22m[32m 10[2mms[22m[39m
 [32mΓ£ô[39m src/utils/callouts.test.ts [2m([22m[2m24 tests[22m[2m)[22m[32m 9[2mms[22m[39m
 [32mΓ£ô[39m src/utils/memory-id.test.ts [2m([22m[2m7 tests[22m[2m)[22m[32m 8[2mms[22m[39m
 [32mΓ£ô[39m src/utils/fuzzy-search.test.ts [2m([22m[2m37 tests[22m[2m)[22m[32m 7[2mms[22m[39m
 [32mΓ£ô[39m src/utils/errors.test.ts [2m([22m[2m19 tests[22m[2m)[22m[32m 8[2mms[22m[39m
 [32mΓ£ô[39m src/utils/lifecycle.test.ts [2m([22m[2m22 tests[22m[2m)[22m[32m 7[2mms[22m[39m
 [32mΓ£ô[39m src/utils/pagination.test.ts [2m([22m[2m17 tests[22m[2m)[22m[32m 5[2mms[22m[39m
 [32mΓ£ô[39m src/utils/consolidation.test.ts [2m([22m[2m14 tests[22m[2m)[22m[32m 5[2mms[22m[39m
 [32mΓ£ô[39m src/utils/tokens.test.ts [2m([22m[2m19 tests[22m[2m)[22m[32m 4[2mms[22m[39m
 [32mΓ£ô[39m src/utils/retrieval-engine.test.ts [2m([22m[2m10 tests[22m[2m)[22m[32m 6[2mms[22m[39m

[31mΓÄ»ΓÄ»ΓÄ»ΓÄ»ΓÄ»ΓÄ»ΓÄ»[39m[1m[41m Failed Tests 1 [49m[22m[31mΓÄ»ΓÄ»ΓÄ»ΓÄ»ΓÄ»ΓÄ»ΓÄ»[39m

[41m[1m FAIL [22m[49m src/tools/generate-hive-canvas.test.ts[2m > [22mgenerate_hive_canvas handler[2m > 
[22mshould reject output to vault root
[31m[1mError[22m: EBUSY: resource busy or locked, unlink 'D:\quill-mcp\test-vault-canvas-temp\plugin\note.md'[39m
[31m[2mΓÄ»ΓÄ»ΓÄ»ΓÄ»ΓÄ»ΓÄ»ΓÄ»ΓÄ»ΓÄ»ΓÄ»ΓÄ»ΓÄ»ΓÄ»ΓÄ»ΓÄ»ΓÄ»ΓÄ»ΓÄ»ΓÄ»ΓÄ»ΓÄ»ΓÄ»ΓÄ»ΓÄ»[1/1]ΓÄ»[22m[39m


[2m Test Files [22m [1m[31m1 failed[39m[22m[2m | [22m[1m[32m20 passed[39m[22m[90m (21)[39m
[2m      Tests [22m [1m[31m1 failed[39m[22m[2m | [22m[1m[32m382 passed[39m[22m[90m (383)[39m
[2m   Start at [22m 20:19:25
[2m   Duration [22m 130.96s[2m (transform 431ms, setup 0ms, import 1.01s, tests 126.71s, environment 2ms)[22m

